[     234ms] [INFO] %cDownload the React DevTools for a better development experience: https://reactjs.org/link/react-devtools font-weight:bold @ webpack-internal:///./node_modules/.pnpm/react-dom@18.3.1_react@18.3.1/node_modules/react-dom/cjs/react-dom.development.js:29889
[     257ms] [LOG] [HMR] connected @ webpack-internal:///./node_modules/.pnpm/next@14.2.35_@babel+core@7._7de7d22fc2eac2adc2e350b20c5ffe20/node_modules/next/dist/client/components/react-dev-overlay/pages/websocket.js:38
[     745ms] [LOG] CART COMING undefined @ webpack-internal:///./pages/my-cart/index.tsx:107
[     745ms] [ERROR] Failed to load resource: the server responded with a status of 401 (Unauthorized) @ http://localhost:5000/premind/api/getuser/playwright-user-id:0
[     759ms] [ERROR] Failed to load resource: the server responded with a status of 401 (Unauthorized) @ http://localhost:5000/premind/api/auth/refresh:0
[     782ms] [LOG] [Fast Refresh] rebuilding @ webpack-internal:///./node_modules/.pnpm/next@14.2.35_@babel+core@7._7de7d22fc2eac2adc2e350b20c5ffe20/node_modules/next/dist/client/components/react-dev-overlay/pages/hot-reloader-client.js:221
[    3458ms] [INFO] %cDownload the React DevTools for a better development experience: https://reactjs.org/link/react-devtools font-weight:bold @ webpack-internal:///./node_modules/.pnpm/react-dom@18.3.1_react@18.3.1/node_modules/react-dom/cjs/react-dom.development.js:29889
[    3485ms] [LOG] [HMR] connected @ webpack-internal:///./node_modules/.pnpm/next@14.2.35_@babel+core@7._7de7d22fc2eac2adc2e350b20c5ffe20/node_modules/next/dist/client/components/react-dev-overlay/pages/websocket.js:38
[    3810ms] [VERBOSE] [DOM] Input elements should have autocomplete attributes (suggested: "current-password"): (More info: https://goo.gl/9p2vKq) %o @ http://localhost:3000/login:0
[    4715ms] [ERROR] Failed to load resource: the server responded with a status of 403 () @ https://accounts.google.com/gsi/button?type=standard&theme=outline&size=large&text=signin_with&shape=rectangular&logo_alignment=undefined&width=300&locale=undefined&click_listener=undefined&is_fedcm_supported=true&client_id=1026066635700-k73kiv35lm3m5sh6ukl1k4uge52mshd0.apps.googleusercontent.com&iframe_id=gsi_880421_526416&cas=EhXP4JcHzy50yODPy5kCTOaU1XwyUUcqgIfjFAmIa5I:0
[    4902ms] [ERROR] [GSI_LOGGER]: The given origin is not allowed for the given client ID. @ https://ssl.gstatic.com/_/gsi/_/js/k=gsi.gsi.en_GB.V3kBocJKcDw.O/am=AAAAABIEMCUE/d=1/rs=AF0KOtX4VQ8nSM7hP3SrlECZRSsc_9qvEg/m=credential_button_library:87
[    4910ms] [ERROR] Provider's accounts list is empty. @ http://localhost:3000/login:0
[    8054ms] [ERROR] [GSI_LOGGER]: FedCM get() rejects with NetworkError: Error retrieving a token. @ webpack-internal:///./node_modules/.pnpm/next@14.2.35_@babel+core@7._7de7d22fc2eac2adc2e350b20c5ffe20/node_modules/next/dist/client/components/react-dev-overlay/internal/helpers/hydration-error-info.js:62
[   10587ms] [INFO] %cDownload the React DevTools for a better development experience: https://reactjs.org/link/react-devtools font-weight:bold @ webpack-internal:///./node_modules/.pnpm/react-dom@18.3.1_react@18.3.1/node_modules/react-dom/cjs/react-dom.development.js:29889
[   10602ms] [LOG] [HMR] connected @ webpack-internal:///./node_modules/.pnpm/next@14.2.35_@babel+core@7._7de7d22fc2eac2adc2e350b20c5ffe20/node_modules/next/dist/client/components/react-dev-overlay/pages/websocket.js:38
[   10874ms] [VERBOSE] [DOM] Input elements should have autocomplete attributes (suggested: "current-password"): (More info: https://goo.gl/9p2vKq) %o @ http://localhost:3000/login:0
[   11944ms] [ERROR] Not signed in with the identity provider. @ http://localhost:3000/login:0
[   12210ms] [ERROR] Failed to load resource: the server responded with a status of 403 () @ https://accounts.google.com/gsi/button?type=standard&theme=outline&size=large&text=signin_with&shape=rectangular&logo_alignment=undefined&width=300&locale=undefined&click_listener=undefined&is_fedcm_supported=true&client_id=1026066635700-k73kiv35lm3m5sh6ukl1k4uge52mshd0.apps.googleusercontent.com&iframe_id=gsi_887909_487153&cas=JDEqwzb93Z4LMKxtMCFssm5VvYUWrcuPFBkWQ97Zixg:0
[   12512ms] [ERROR] [GSI_LOGGER]: The given origin is not allowed for the given client ID. @ https://ssl.gstatic.com/_/gsi/_/js/k=gsi.gsi.en_GB.V3kBocJKcDw.O/am=AAAAABIEMCUE/d=1/rs=AF0KOtX4VQ8nSM7hP3SrlECZRSsc_9qvEg/m=credential_button_library:87
[   39437ms] [ERROR] [GSI_LOGGER]: FedCM get() rejects with NetworkError: Error retrieving a token. @ webpack-internal:///./node_modules/.pnpm/next@14.2.35_@babel+core@7._7de7d22fc2eac2adc2e350b20c5ffe20/node_modules/next/dist/client/components/react-dev-overlay/internal/helpers/hydration-error-info.js:62
[   69203ms] [ERROR] WebSocket connection to 'ws://localhost:3000/_next/webpack-hmr' failed: Error in connection establishment: net::ERR_CONNECTION_REFUSED @ webpack-internal:///./node_modules/.pnpm/next@14.2.35_@babel+core@7._7de7d22fc2eac2adc2e350b20c5ffe20/node_modules/next/dist/client/components/react-dev-overlay/pages/websocket.js:63
[   72543ms] [ERROR] WebSocket connection to 'ws://localhost:3000/_next/webpack-hmr' failed: Error in connection establishment: net::ERR_CONNECTION_REFUSED @ webpack-internal:///./node_modules/.pnpm/next@14.2.35_@babel+core@7._7de7d22fc2eac2adc2e350b20c5ffe20/node_modules/next/dist/client/components/react-dev-overlay/pages/websocket.js:63
[   75896ms] [ERROR] WebSocket connection to 'ws://localhost:3000/_next/webpack-hmr' failed: Error in connection establishment: net::ERR_CONNECTION_REFUSED @ webpack-internal:///./node_modules/.pnpm/next@14.2.35_@babel+core@7._7de7d22fc2eac2adc2e350b20c5ffe20/node_modules/next/dist/client/components/react-dev-overlay/pages/websocket.js:63
[   79246ms] [ERROR] WebSocket connection to 'ws://localhost:3000/_next/webpack-hmr' failed: Error in connection establishment: net::ERR_CONNECTION_REFUSED @ webpack-internal:///./node_modules/.pnpm/next@14.2.35_@babel+core@7._7de7d22fc2eac2adc2e350b20c5ffe20/node_modules/next/dist/client/components/react-dev-overlay/pages/websocket.js:63
[   82615ms] [ERROR] WebSocket connection to 'ws://localhost:3000/_next/webpack-hmr' failed: Error in connection establishment: net::ERR_CONNECTION_REFUSED @ webpack-internal:///./node_modules/.pnpm/next@14.2.35_@babel+core@7._7de7d22fc2eac2adc2e350b20c5ffe20/node_modules/next/dist/client/components/react-dev-overlay/pages/websocket.js:63
[   89980ms] [ERROR] WebSocket connection to 'ws://localhost:3000/_next/webpack-hmr' failed: Error in connection establishment: net::ERR_CONNECTION_REFUSED @ webpack-internal:///./node_modules/.pnpm/next@14.2.35_@babel+core@7._7de7d22fc2eac2adc2e350b20c5ffe20/node_modules/next/dist/client/components/react-dev-overlay/pages/websocket.js:63
[   97326ms] [ERROR] WebSocket connection to 'ws://localhost:3000/_next/webpack-hmr' failed: Error in connection establishment: net::ERR_CONNECTION_REFUSED @ webpack-internal:///./node_modules/.pnpm/next@14.2.35_@babel+core@7._7de7d22fc2eac2adc2e350b20c5ffe20/node_modules/next/dist/client/components/react-dev-overlay/pages/websocket.js:63
[  104677ms] [ERROR] WebSocket connection to 'ws://localhost:3000/_next/webpack-hmr' failed: Error in connection establishment: net::ERR_CONNECTION_REFUSED @ webpack-internal:///./node_modules/.pnpm/next@14.2.35_@babel+core@7._7de7d22fc2eac2adc2e350b20c5ffe20/node_modules/next/dist/client/components/react-dev-overlay/pages/websocket.js:63
[  112010ms] [ERROR] WebSocket connection to 'ws://localhost:3000/_next/webpack-hmr' failed: Error in connection establishment: net::ERR_CONNECTION_REFUSED @ webpack-internal:///./node_modules/.pnpm/next@14.2.35_@babel+core@7._7de7d22fc2eac2adc2e350b20c5ffe20/node_modules/next/dist/client/components/react-dev-overlay/pages/websocket.js:63
[  119384ms] [ERROR] WebSocket connection to 'ws://localhost:3000/_next/webpack-hmr' failed: Error in connection establishment: net::ERR_CONNECTION_REFUSED @ webpack-internal:///./node_modules/.pnpm/next@14.2.35_@babel+core@7._7de7d22fc2eac2adc2e350b20c5ffe20/node_modules/next/dist/client/components/react-dev-overlay/pages/websocket.js:63
[  126750ms] [ERROR] WebSocket connection to 'ws://localhost:3000/_next/webpack-hmr' failed: Error in connection establishment: net::ERR_CONNECTION_REFUSED @ webpack-internal:///./node_modules/.pnpm/next@14.2.35_@babel+core@7._7de7d22fc2eac2adc2e350b20c5ffe20/node_modules/next/dist/client/components/react-dev-overlay/pages/websocket.js:63
[  134094ms] [ERROR] WebSocket connection to 'ws://localhost:3000/_next/webpack-hmr' failed: Error in connection establishment: net::ERR_CONNECTION_REFUSED @ webpack-internal:///./node_modules/.pnpm/next@14.2.35_@babel+core@7._7de7d22fc2eac2adc2e350b20c5ffe20/node_modules/next/dist/client/components/react-dev-overlay/pages/websocket.js:63
[  141443ms] [ERROR] WebSocket connection to 'ws://localhost:3000/_next/webpack-hmr' failed: Error in connection establishment: net::ERR_CONNECTION_REFUSED @ webpack-internal:///./node_modules/.pnpm/next@14.2.35_@babel+core@7._7de7d22fc2eac2adc2e350b20c5ffe20/node_modules/next/dist/client/components/react-dev-overlay/pages/websocket.js:63
[  148792ms] [ERROR] WebSocket connection to 'ws://localhost:3000/_next/webpack-hmr' failed: Error in connection establishment: net::ERR_CONNECTION_REFUSED @ webpack-internal:///./node_modules/.pnpm/next@14.2.35_@babel+core@7._7de7d22fc2eac2adc2e350b20c5ffe20/node_modules/next/dist/client/components/react-dev-overlay/pages/websocket.js:63
[  156466ms] [ERROR] WebSocket connection to 'ws://localhost:3000/_next/webpack-hmr' failed: Error in connection establishment: net::ERR_CONNECTION_REFUSED @ webpack-internal:///./node_modules/.pnpm/next@14.2.35_@babel+core@7._7de7d22fc2eac2adc2e350b20c5ffe20/node_modules/next/dist/client/components/react-dev-overlay/pages/websocket.js:63
[  163805ms] [ERROR] WebSocket connection to 'ws://localhost:3000/_next/webpack-hmr' failed: Error in connection establishment: net::ERR_CONNECTION_REFUSED @ webpack-internal:///./node_modules/.pnpm/next@14.2.35_@babel+core@7._7de7d22fc2eac2adc2e350b20c5ffe20/node_modules/next/dist/client/components/react-dev-overlay/pages/websocket.js:63
[  171157ms] [ERROR] WebSocket connection to 'ws://localhost:3000/_next/webpack-hmr' failed: Error in connection establishment: net::ERR_CONNECTION_REFUSED @ webpack-internal:///./node_modules/.pnpm/next@14.2.35_@babel+core@7._7de7d22fc2eac2adc2e350b20c5ffe20/node_modules/next/dist/client/components/react-dev-overlay/pages/websocket.js:63
[  178518ms] [ERROR] WebSocket connection to 'ws://localhost:3000/_next/webpack-hmr' failed: Error in connection establishment: net::ERR_CONNECTION_REFUSED @ webpack-internal:///./node_modules/.pnpm/next@14.2.35_@babel+core@7._7de7d22fc2eac2adc2e350b20c5ffe20/node_modules/next/dist/client/components/react-dev-overlay/pages/websocket.js:63
[  185865ms] [ERROR] WebSocket connection to 'ws://localhost:3000/_next/webpack-hmr' failed: Error in connection establishment: net::ERR_CONNECTION_REFUSED @ webpack-internal:///./node_modules/.pnpm/next@14.2.35_@babel+core@7._7de7d22fc2eac2adc2e350b20c5ffe20/node_modules/next/dist/client/components/react-dev-overlay/pages/websocket.js:63
[  193225ms] [ERROR] WebSocket connection to 'ws://localhost:3000/_next/webpack-hmr' failed: Error in connection establishment: net::ERR_CONNECTION_REFUSED @ webpack-internal:///./node_modules/.pnpm/next@14.2.35_@babel+core@7._7de7d22fc2eac2adc2e350b20c5ffe20/node_modules/next/dist/client/components/react-dev-overlay/pages/websocket.js:63
[  200609ms] [ERROR] WebSocket connection to 'ws://localhost:3000/_next/webpack-hmr' failed: Error in connection establishment: net::ERR_CONNECTION_REFUSED @ webpack-internal:///./node_modules/.pnpm/next@14.2.35_@babel+core@7._7de7d22fc2eac2adc2e350b20c5ffe20/node_modules/next/dist/client/components/react-dev-overlay/pages/websocket.js:63
[  207973ms] [ERROR] WebSocket connection to 'ws://localhost:3000/_next/webpack-hmr' failed: Error in connection establishment: net::ERR_CONNECTION_REFUSED @ webpack-internal:///./node_modules/.pnpm/next@14.2.35_@babel+core@7._7de7d22fc2eac2adc2e350b20c5ffe20/node_modules/next/dist/client/components/react-dev-overlay/pages/websocket.js:63
[  215321ms] [ERROR] WebSocket connection to 'ws://localhost:3000/_next/webpack-hmr' failed: Error in connection establishment: net::ERR_CONNECTION_REFUSED @ webpack-internal:///./node_modules/.pnpm/next@14.2.35_@babel+core@7._7de7d22fc2eac2adc2e350b20c5ffe20/node_modules/next/dist/client/components/react-dev-overlay/pages/websocket.js:63
[  222658ms] [ERROR] WebSocket connection to 'ws://localhost:3000/_next/webpack-hmr' failed: Error in connection establishment: net::ERR_CONNECTION_REFUSED @ webpack-internal:///./node_modules/.pnpm/next@14.2.35_@babel+core@7._7de7d22fc2eac2adc2e350b20c5ffe20/node_modules/next/dist/client/components/react-dev-overlay/pages/websocket.js:63
[  230021ms] [ERROR] WebSocket connection to 'ws://localhost:3000/_next/webpack-hmr' failed: Error in connection establishment: net::ERR_CONNECTION_REFUSED @ webpack-internal:///./node_modules/.pnpm/next@14.2.35_@babel+core@7._7de7d22fc2eac2adc2e350b20c5ffe20/node_modules/next/dist/client/components/react-dev-overlay/pages/websocket.js:63
[ 3047865ms] [ERROR] Failed to load resource: the server responded with a status of 500 (Internal Server Error) @ http://localhost:3000/login:0
[ 3048553ms] [INFO] %cDownload the React DevTools for a better development experience: https://reactjs.org/link/react-devtools font-weight:bold @ webpack-internal:///./node_modules/.pnpm/react-dom@18.3.1_react@18.3.1/node_modules/react-dom/cjs/react-dom.development.js:29889
[ 3048870ms] Error: Cannot find module './7187.js'
Require stack:
- C:\Charan Works\WebSite\Store 2.0\ecom-frontend-optimised\.next\server\webpack-runtime.js
- C:\Charan Works\WebSite\Store 2.0\ecom-frontend-optimised\.next\server\pages\_document.js
- C:\Charan Works\WebSite\Store 2.0\ecom-frontend-optimised\node_modules\.pnpm\next@14.2.35_@babel+core@7._7de7d22fc2eac2adc2e350b20c5ffe20\node_modules\next\dist\server\require.js
- C:\Charan Works\WebSite\Store 2.0\ecom-frontend-optimised\node_modules\.pnpm\next@14.2.35_@babel+core@7._7de7d22fc2eac2adc2e350b20c5ffe20\node_modules\next\dist\server\load-components.js
- C:\Charan Works\WebSite\Store 2.0\ecom-frontend-optimised\node_modules\.pnpm\next@14.2.35_@babel+core@7._7de7d22fc2eac2adc2e350b20c5ffe20\node_modules\next\dist\build\utils.js
- C:\Charan Works\WebSite\Store 2.0\ecom-frontend-optimised\node_modules\.pnpm\next@14.2.35_@babel+core@7._7de7d22fc2eac2adc2e350b20c5ffe20\node_modules\next\dist\server\dev\hot-middleware.js
- C:\Charan Works\WebSite\Store 2.0\ecom-frontend-optimised\node_modules\.pnpm\next@14.2.35_@babel+core@7._7de7d22fc2eac2adc2e350b20c5ffe20\node_modules\next\dist\server\dev\hot-reloader-webpack.js
- C:\Charan Works\WebSite\Store 2.0\ecom-frontend-optimised\node_modules\.pnpm\next@14.2.35_@babel+core@7._7de7d22fc2eac2adc2e350b20c5ffe20\node_modules\next\dist\server\lib\router-utils\setup-dev-bundler.js
- C:\Charan Works\WebSite\Store 2.0\ecom-frontend-optimised\node_modules\.pnpm\next@14.2.35_@babel+core@7._7de7d22fc2eac2adc2e350b20c5ffe20\node_modules\next\dist\server\lib\router-server.js
- C:\Charan Works\WebSite\Store 2.0\ecom-frontend-optimised\node_modules\.pnpm\next@14.2.35_@babel+core@7._7de7d22fc2eac2adc2e350b20c5ffe20\node_modules\next\dist\server\lib\start-server.js
    at Module.<anonymous> (node:internal/modules/cjs/loader:1421:15)
    at <unknown> (file://C:\Charan Works\WebSite\Store 2.0\ecom-frontend-optimised\node_modules\.pnpm\next@14.2.35_@babel+core@7._7de7d22fc2eac2adc2e350b20c5ffe20\node_modules\next\dist\server\require-hook.js:55:36)
    at defaultResolveImpl (node:internal/modules/cjs/loader:1059:19)
    at resolveForCJSWithHooks (node:internal/modules/cjs/loader:1064:22)
    at Module._load (node:internal/modules/cjs/loader:1227:37)
    at TracingChannel.traceSync (node:diagnostics_channel:328:14)
    at wrapModuleLoad (node:internal/modules/cjs/loader:245:24)
    at Module.<anonymous> (node:internal/modules/cjs/loader:1504:12)
    at mod.require (file://C:\Charan Works\WebSite\Store 2.0\ecom-frontend-optimised\node_modules\.pnpm\next@14.2.35_@babel+core@7._7de7d22fc2eac2adc2e350b20c5ffe20\node_modules\next\dist\server\require-hook.js:65:28)
    at require (node:internal/modules/helpers:152:16)
    at __webpack_require__.f.require (file://C:\Charan Works\WebSite\Store 2.0\ecom-frontend-optimised\.next\server\webpack-runtime.js:262:28)
    at <unknown> (file://C:\Charan Works\WebSite\Store 2.0\ecom-frontend-optimised\.next\server\webpack-runtime.js:180:40)
    at Array.reduce (<anonymous>)
    at __webpack_require__.e (file://C:\Charan Works\WebSite\Store 2.0\ecom-frontend-optimised\.next\server\webpack-runtime.js:179:67)
    at Array.map (<anonymous>)
[ 3048852ms] [LOG] [HMR] connected @ webpack-internal:///./node_modules/.pnpm/next@14.2.35_@babel+core@7._7de7d22fc2eac2adc2e350b20c5ffe20/node_modules/next/dist/client/components/react-dev-overlay/pages/websocket.js:38
[ 3049820ms] [ERROR] Failed to load resource: the server responded with a status of 404 (Not Found) @ http://localhost:3000/_next/static/webpack/8ef5f5edb18690ef.webpack.hot-update.json:0
[ 3049821ms] [WARNING] [Fast Refresh] performing full reload because your application had an unrecoverable error @ webpack-internal:///./node_modules/.pnpm/next@14.2.35_@babel+core@7._7de7d22fc2eac2adc2e350b20c5ffe20/node_modules/next/dist/client/components/react-dev-overlay/pages/hot-reloader-client.js:349
[ 3049980ms] [ERROR] Failed to load resource: the server responded with a status of 500 (Internal Server Error) @ http://localhost:3000/login:0
[ 3050305ms] [INFO] %cDownload the React DevTools for a better development experience: https://reactjs.org/link/react-devtools font-weight:bold @ webpack-internal:///./node_modules/.pnpm/react-dom@18.3.1_react@18.3.1/node_modules/react-dom/cjs/react-dom.development.js:29889
[ 3050423ms] Error: Cannot find module './7187.js'
Require stack:
- C:\Charan Works\WebSite\Store 2.0\ecom-frontend-optimised\.next\server\webpack-runtime.js
- C:\Charan Works\WebSite\Store 2.0\ecom-frontend-optimised\.next\server\app\_not-found\page.js
- C:\Charan Works\WebSite\Store 2.0\ecom-frontend-optimised\node_modules\.pnpm\next@14.2.35_@babel+core@7._7de7d22fc2eac2adc2e350b20c5ffe20\node_modules\next\dist\server\require.js
- C:\Charan Works\WebSite\Store 2.0\ecom-frontend-optimised\node_modules\.pnpm\next@14.2.35_@babel+core@7._7de7d22fc2eac2adc2e350b20c5ffe20\node_modules\next\dist\server\load-components.js
- C:\Charan Works\WebSite\Store 2.0\ecom-frontend-optimised\node_modules\.pnpm\next@14.2.35_@babel+core@7._7de7d22fc2eac2adc2e350b20c5ffe20\node_modules\next\dist\build\utils.js
- C:\Charan Works\WebSite\Store 2.0\ecom-frontend-optimised\node_modules\.pnpm\next@14.2.35_@babel+core@7._7de7d22fc2eac2adc2e350b20c5ffe20\node_modules\next\dist\server\dev\hot-middleware.js
- C:\Charan Works\WebSite\Store 2.0\ecom-frontend-optimised\node_modules\.pnpm\next@14.2.35_@babel+core@7._7de7d22fc2eac2adc2e350b20c5ffe20\node_modules\next\dist\server\dev\hot-reloader-webpack.js
- C:\Charan Works\WebSite\Store 2.0\ecom-frontend-optimised\node_modules\.pnpm\next@14.2.35_@babel+core@7._7de7d22fc2eac2adc2e350b20c5ffe20\node_modules\next\dist\server\lib\router-utils\setup-dev-bundler.js
- C:\Charan Works\WebSite\Store 2.0\ecom-frontend-optimised\node_modules\.pnpm\next@14.2.35_@babel+core@7._7de7d22fc2eac2adc2e350b20c5ffe20\node_modules\next\dist\server\lib\router-server.js
- C:\Charan Works\WebSite\Store 2.0\ecom-frontend-optimised\node_modules\.pnpm\next@14.2.35_@babel+core@7._7de7d22fc2eac2adc2e350b20c5ffe20\node_modules\next\dist\server\lib\start-server.js
    at Module.<anonymous> (node:internal/modules/cjs/loader:1421:15)
    at <unknown> (file://C:\Charan Works\WebSite\Store 2.0\ecom-frontend-optimised\node_modules\.pnpm\next@14.2.35_@babel+core@7._7de7d22fc2eac2adc2e350b20c5ffe20\node_modules\next\dist\server\require-hook.js:55:36)
    at defaultResolveImpl (node:internal/modules/cjs/loader:1059:19)
    at resolveForCJSWithHooks (node:internal/modules/cjs/loader:1064:22)
    at Module._load (node:internal/modules/cjs/loader:1227:37)
    at TracingChannel.traceSync (node:diagnostics_channel:328:14)
    at wrapModuleLoad (node:internal/modules/cjs/loader:245:24)
    at Module.<anonymous> (node:internal/modules/cjs/loader:1504:12)
    at mod.require (file://C:\Charan Works\WebSite\Store 2.0\ecom-frontend-optimised\node_modules\.pnpm\next@14.2.35_@babel+core@7._7de7d22fc2eac2adc2e350b20c5ffe20\node_modules\next\dist\server\require-hook.js:65:28)
    at require (node:internal/modules/helpers:152:16)
    at __webpack_require__.f.require (file://C:\Charan Works\WebSite\Store 2.0\ecom-frontend-optimised\.next\server\webpack-runtime.js:267:28)
    at <unknown> (file://C:\Charan Works\WebSite\Store 2.0\ecom-frontend-optimised\.next\server\webpack-runtime.js:180:40)
    at Array.reduce (<anonymous>)
    at __webpack_require__.e (file://C:\Charan Works\WebSite\Store 2.0\ecom-frontend-optimised\.next\server\webpack-runtime.js:179:67)
    at Array.map (<anonymous>)
[ 3050423ms] [LOG] [HMR] connected @ webpack-internal:///./node_modules/.pnpm/next@14.2.35_@babel+core@7._7de7d22fc2eac2adc2e350b20c5ffe20/node_modules/next/dist/client/components/react-dev-overlay/pages/websocket.js:38
[ 3053995ms] [ERROR] WebSocket connection to 'ws://localhost:3000/_next/webpack-hmr' failed: Error in connection establishment: net::ERR_CONNECTION_REFUSED @ webpack-internal:///./node_modules/.pnpm/next@14.2.35_@babel+core@7._7de7d22fc2eac2adc2e350b20c5ffe20/node_modules/next/dist/client/components/react-dev-overlay/pages/websocket.js:63
[ 3057379ms] [ERROR] WebSocket connection to 'ws://localhost:3000/_next/webpack-hmr' failed: Error in connection establishment: net::ERR_CONNECTION_REFUSED @ webpack-internal:///./node_modules/.pnpm/next@14.2.35_@babel+core@7._7de7d22fc2eac2adc2e350b20c5ffe20/node_modules/next/dist/client/components/react-dev-overlay/pages/websocket.js:63
[ 3060751ms] [ERROR] WebSocket connection to 'ws://localhost:3000/_next/webpack-hmr' failed: Error in connection establishment: net::ERR_CONNECTION_REFUSED @ webpack-internal:///./node_modules/.pnpm/next@14.2.35_@babel+core@7._7de7d22fc2eac2adc2e350b20c5ffe20/node_modules/next/dist/client/components/react-dev-overlay/pages/websocket.js:63
[ 3064118ms] [ERROR] WebSocket connection to 'ws://localhost:3000/_next/webpack-hmr' failed: Error in connection establishment: net::ERR_CONNECTION_REFUSED @ webpack-internal:///./node_modules/.pnpm/next@14.2.35_@babel+core@7._7de7d22fc2eac2adc2e350b20c5ffe20/node_modules/next/dist/client/components/react-dev-overlay/pages/websocket.js:63
[ 3067488ms] [ERROR] WebSocket connection to 'ws://localhost:3000/_next/webpack-hmr' failed: Error in connection establishment: net::ERR_CONNECTION_REFUSED @ webpack-internal:///./node_modules/.pnpm/next@14.2.35_@babel+core@7._7de7d22fc2eac2adc2e350b20c5ffe20/node_modules/next/dist/client/components/react-dev-overlay/pages/websocket.js:63
[ 3074851ms] [ERROR] WebSocket connection to 'ws://localhost:3000/_next/webpack-hmr' failed: Error in connection establishment: net::ERR_CONNECTION_REFUSED @ webpack-internal:///./node_modules/.pnpm/next@14.2.35_@babel+core@7._7de7d22fc2eac2adc2e350b20c5ffe20/node_modules/next/dist/client/components/react-dev-overlay/pages/websocket.js:63
[ 3082206ms] [ERROR] WebSocket connection to 'ws://localhost:3000/_next/webpack-hmr' failed: Error in connection establishment: net::ERR_CONNECTION_REFUSED @ webpack-internal:///./node_modules/.pnpm/next@14.2.35_@babel+core@7._7de7d22fc2eac2adc2e350b20c5ffe20/node_modules/next/dist/client/components/react-dev-overlay/pages/websocket.js:63
[ 3089542ms] [ERROR] WebSocket connection to 'ws://localhost:3000/_next/webpack-hmr' failed: Error in connection establishment: net::ERR_CONNECTION_REFUSED @ webpack-internal:///./node_modules/.pnpm/next@14.2.35_@babel+core@7._7de7d22fc2eac2adc2e350b20c5ffe20/node_modules/next/dist/client/components/react-dev-overlay/pages/websocket.js:63
[ 3096915ms] [ERROR] WebSocket connection to 'ws://localhost:3000/_next/webpack-hmr' failed: Error in connection establishment: net::ERR_CONNECTION_REFUSED @ webpack-internal:///./node_modules/.pnpm/next@14.2.35_@babel+core@7._7de7d22fc2eac2adc2e350b20c5ffe20/node_modules/next/dist/client/components/react-dev-overlay/pages/websocket.js:63
[ 3104275ms] [ERROR] WebSocket connection to 'ws://localhost:3000/_next/webpack-hmr' failed: Error in connection establishment: net::ERR_CONNECTION_REFUSED @ webpack-internal:///./node_modules/.pnpm/next@14.2.35_@babel+core@7._7de7d22fc2eac2adc2e350b20c5ffe20/node_modules/next/dist/client/components/react-dev-overlay/pages/websocket.js:63
[ 3111649ms] [ERROR] WebSocket connection to 'ws://localhost:3000/_next/webpack-hmr' failed: Error in connection establishment: net::ERR_CONNECTION_REFUSED @ webpack-internal:///./node_modules/.pnpm/next@14.2.35_@babel+core@7._7de7d22fc2eac2adc2e350b20c5ffe20/node_modules/next/dist/client/components/react-dev-overlay/pages/websocket.js:63
[ 3118999ms] [ERROR] WebSocket connection to 'ws://localhost:3000/_next/webpack-hmr' failed: Error in connection establishment: net::ERR_CONNECTION_REFUSED @ webpack-internal:///./node_modules/.pnpm/next@14.2.35_@babel+core@7._7de7d22fc2eac2adc2e350b20c5ffe20/node_modules/next/dist/client/components/react-dev-overlay/pages/websocket.js:63
[ 3126339ms] [ERROR] WebSocket connection to 'ws://localhost:3000/_next/webpack-hmr' failed: Error in connection establishment: net::ERR_CONNECTION_REFUSED @ webpack-internal:///./node_modules/.pnpm/next@14.2.35_@babel+core@7._7de7d22fc2eac2adc2e350b20c5ffe20/node_modules/next/dist/client/components/react-dev-overlay/pages/websocket.js:63
[ 3133714ms] [ERROR] WebSocket connection to 'ws://localhost:3000/_next/webpack-hmr' failed: Error in connection establishment: net::ERR_CONNECTION_REFUSED @ webpack-internal:///./node_modules/.pnpm/next@14.2.35_@babel+core@7._7de7d22fc2eac2adc2e350b20c5ffe20/node_modules/next/dist/client/components/react-dev-overlay/pages/websocket.js:63
[ 3141073ms] [ERROR] WebSocket connection to 'ws://localhost:3000/_next/webpack-hmr' failed: Error in connection establishment: net::ERR_CONNECTION_REFUSED @ webpack-internal:///./node_modules/.pnpm/next@14.2.35_@babel+core@7._7de7d22fc2eac2adc2e350b20c5ffe20/node_modules/next/dist/client/components/react-dev-overlay/pages/websocket.js:63
[ 3148418ms] [ERROR] WebSocket connection to 'ws://localhost:3000/_next/webpack-hmr' failed: Error in connection establishment: net::ERR_CONNECTION_REFUSED @ webpack-internal:///./node_modules/.pnpm/next@14.2.35_@babel+core@7._7de7d22fc2eac2adc2e350b20c5ffe20/node_modules/next/dist/client/components/react-dev-overlay/pages/websocket.js:63
[ 3155814ms] [ERROR] WebSocket connection to 'ws://localhost:3000/_next/webpack-hmr' failed: Error in connection establishment: net::ERR_CONNECTION_REFUSED @ webpack-internal:///./node_modules/.pnpm/next@14.2.35_@babel+core@7._7de7d22fc2eac2adc2e350b20c5ffe20/node_modules/next/dist/client/components/react-dev-overlay/pages/websocket.js:63
[ 3163171ms] [ERROR] WebSocket connection to 'ws://localhost:3000/_next/webpack-hmr' failed: Error in connection establishment: net::ERR_CONNECTION_REFUSED @ webpack-internal:///./node_modules/.pnpm/next@14.2.35_@babel+core@7._7de7d22fc2eac2adc2e350b20c5ffe20/node_modules/next/dist/client/components/react-dev-overlay/pages/websocket.js:63
[ 3170542ms] [ERROR] WebSocket connection to 'ws://localhost:3000/_next/webpack-hmr' failed: Error in connection establishment: net::ERR_CONNECTION_REFUSED @ webpack-internal:///./node_modules/.pnpm/next@14.2.35_@babel+core@7._7de7d22fc2eac2adc2e350b20c5ffe20/node_modules/next/dist/client/components/react-dev-overlay/pages/websocket.js:63
[ 3177894ms] [ERROR] WebSocket connection to 'ws://localhost:3000/_next/webpack-hmr' failed: Error in connection establishment: net::ERR_CONNECTION_REFUSED @ webpack-internal:///./node_modules/.pnpm/next@14.2.35_@babel+core@7._7de7d22fc2eac2adc2e350b20c5ffe20/node_modules/next/dist/client/components/react-dev-overlay/pages/websocket.js:63
[ 3185246ms] [ERROR] WebSocket connection to 'ws://localhost:3000/_next/webpack-hmr' failed: Error in connection establishment: net::ERR_CONNECTION_REFUSED @ webpack-internal:///./node_modules/.pnpm/next@14.2.35_@babel+core@7._7de7d22fc2eac2adc2e350b20c5ffe20/node_modules/next/dist/client/components/react-dev-overlay/pages/websocket.js:63
[ 3192644ms] [ERROR] WebSocket connection to 'ws://localhost:3000/_next/webpack-hmr' failed: Error in connection establishment: net::ERR_CONNECTION_REFUSED @ webpack-internal:///./node_modules/.pnpm/next@14.2.35_@babel+core@7._7de7d22fc2eac2adc2e350b20c5ffe20/node_modules/next/dist/client/components/react-dev-overlay/pages/websocket.js:63
[ 3200041ms] [ERROR] WebSocket connection to 'ws://localhost:3000/_next/webpack-hmr' failed: Error in connection establishment: net::ERR_CONNECTION_REFUSED @ webpack-internal:///./node_modules/.pnpm/next@14.2.35_@babel+core@7._7de7d22fc2eac2adc2e350b20c5ffe20/node_modules/next/dist/client/components/react-dev-overlay/pages/websocket.js:63
[ 3207425ms] [ERROR] WebSocket connection to 'ws://localhost:3000/_next/webpack-hmr' failed: Error in connection establishment: net::ERR_CONNECTION_REFUSED @ webpack-internal:///./node_modules/.pnpm/next@14.2.35_@babel+core@7._7de7d22fc2eac2adc2e350b20c5ffe20/node_modules/next/dist/client/components/react-dev-overlay/pages/websocket.js:63
[ 3214799ms] [ERROR] WebSocket connection to 'ws://localhost:3000/_next/webpack-hmr' failed: Error in connection establishment: net::ERR_CONNECTION_REFUSED @ webpack-internal:///./node_modules/.pnpm/next@14.2.35_@babel+core@7._7de7d22fc2eac2adc2e350b20c5ffe20/node_modules/next/dist/client/components/react-dev-overlay/pages/websocket.js:63
[ 4227605ms] [INFO] %cDownload the React DevTools for a better development experience: https://reactjs.org/link/react-devtools font-weight:bold @ webpack-internal:///./node_modules/.pnpm/react-dom@18.3.1_react@18.3.1/node_modules/react-dom/cjs/react-dom.development.js:29889
[ 4227951ms] [VERBOSE] [DOM] Input elements should have autocomplete attributes (suggested: "current-password"): (More info: https://goo.gl/9p2vKq) %o @ http://localhost:3000/login:0
[ 4227954ms] [LOG] [HMR] connected @ webpack-internal:///./node_modules/.pnpm/next@14.2.35_@babel+core@7._7de7d22fc2eac2adc2e350b20c5ffe20/node_modules/next/dist/client/components/react-dev-overlay/pages/websocket.js:38
[ 4228760ms] [ERROR] Not signed in with the identity provider. @ http://localhost:3000/login:0
[ 4229159ms] [ERROR] Failed to load resource: the server responded with a status of 403 () @ https://accounts.google.com/gsi/button?type=standard&theme=outline&size=large&text=signin_with&shape=rectangular&logo_alignment=undefined&width=300&locale=undefined&click_listener=undefined&is_fedcm_supported=true&client_id=1026066635700-k73kiv35lm3m5sh6ukl1k4uge52mshd0.apps.googleusercontent.com&iframe_id=gsi_104700_334800&cas=EmnTkC7Icm6nOFAB6CzIegAS1h6FNY8VivhQGao2Ldk:0
[ 4229260ms] [ERROR] [GSI_LOGGER]: The given origin is not allowed for the given client ID. @ https://ssl.gstatic.com/_/gsi/_/js/k=gsi.gsi.en_GB.V3kBocJKcDw.O/am=AAAAABIEMCUE/d=1/rs=AF0KOtX4VQ8nSM7hP3SrlECZRSsc_9qvEg/m=credential_button_library:87
[ 4233443ms] [ERROR] [GSI_LOGGER]: FedCM get() rejects with NetworkError: Error retrieving a token. @ webpack-internal:///./node_modules/.pnpm/next@14.2.35_@babel+core@7._7de7d22fc2eac2adc2e350b20c5ffe20/node_modules/next/dist/client/components/react-dev-overlay/internal/helpers/hydration-error-info.js:62
[ 4757386ms] [LOG] [Fast Refresh] rebuilding @ webpack-internal:///./node_modules/.pnpm/next@14.2.35_@babel+core@7._7de7d22fc2eac2adc2e350b20c5ffe20/node_modules/next/dist/client/components/react-dev-overlay/pages/hot-reloader-client.js:221
[ 4759048ms] [LOG] [Fast Refresh] rebuilding @ webpack-internal:///./node_modules/.pnpm/next@14.2.35_@babel+core@7._7de7d22fc2eac2adc2e350b20c5ffe20/node_modules/next/dist/client/components/react-dev-overlay/pages/hot-reloader-client.js:221
[ 4759064ms] [LOG] [Fast Refresh] done in 16ms @ webpack-internal:///./node_modules/.pnpm/next@14.2.35_@babel+core@7._7de7d22fc2eac2adc2e350b20c5ffe20/node_modules/next/dist/client/components/react-dev-overlay/pages/hot-reloader-client.js:190
[ 4841990ms] [LOG] [Fast Refresh] rebuilding @ webpack-internal:///./node_modules/.pnpm/next@14.2.35_@babel+core@7._7de7d22fc2eac2adc2e350b20c5ffe20/node_modules/next/dist/client/components/react-dev-overlay/pages/hot-reloader-client.js:221
[ 4842983ms] [LOG] [Fast Refresh] rebuilding @ webpack-internal:///./node_modules/.pnpm/next@14.2.35_@babel+core@7._7de7d22fc2eac2adc2e350b20c5ffe20/node_modules/next/dist/client/components/react-dev-overlay/pages/hot-reloader-client.js:221
[ 4843316ms] [LOG] [Fast Refresh] done in 332ms @ webpack-internal:///./node_modules/.pnpm/next@14.2.35_@babel+core@7._7de7d22fc2eac2adc2e350b20c5ffe20/node_modules/next/dist/client/components/react-dev-overlay/pages/hot-reloader-client.js:190
[ 4898678ms] [LOG] [Fast Refresh] rebuilding @ webpack-internal:///./node_modules/.pnpm/next@14.2.35_@babel+core@7._7de7d22fc2eac2adc2e350b20c5ffe20/node_modules/next/dist/client/components/react-dev-overlay/pages/hot-reloader-client.js:221
[ 5160121ms] [LOG] [Fast Refresh] rebuilding @ webpack-internal:///./node_modules/.pnpm/next@14.2.35_@babel+core@7._7de7d22fc2eac2adc2e350b20c5ffe20/node_modules/next/dist/client/components/react-dev-overlay/pages/hot-reloader-client.js:221
[ 5160920ms] [LOG] [Fast Refresh] rebuilding @ webpack-internal:///./node_modules/.pnpm/next@14.2.35_@babel+core@7._7de7d22fc2eac2adc2e350b20c5ffe20/node_modules/next/dist/client/components/react-dev-overlay/pages/hot-reloader-client.js:221
[ 5161062ms] [LOG] [Fast Refresh] done in 143ms @ webpack-internal:///./node_modules/.pnpm/next@14.2.35_@babel+core@7._7de7d22fc2eac2adc2e350b20c5ffe20/node_modules/next/dist/client/components/react-dev-overlay/pages/hot-reloader-client.js:190
[ 7715742ms] [LOG] [Fast Refresh] rebuilding @ webpack-internal:///./node_modules/.pnpm/next@14.2.35_@babel+core@7._7de7d22fc2eac2adc2e350b20c5ffe20/node_modules/next/dist/client/components/react-dev-overlay/pages/hot-reloader-client.js:221
[ 7717222ms] [LOG] [Fast Refresh] done in 1479ms @ webpack-internal:///./node_modules/.pnpm/next@14.2.35_@babel+core@7._7de7d22fc2eac2adc2e350b20c5ffe20/node_modules/next/dist/client/components/react-dev-overlay/pages/hot-reloader-client.js:190
[ 7717326ms] [LOG] [Fast Refresh] rebuilding @ webpack-internal:///./node_modules/.pnpm/next@14.2.35_@babel+core@7._7de7d22fc2eac2adc2e350b20c5ffe20/node_modules/next/dist/client/components/react-dev-overlay/pages/hot-reloader-client.js:221
[ 7748506ms] [LOG] [Fast Refresh] rebuilding @ webpack-internal:///./node_modules/.pnpm/next@14.2.35_@babel+core@7._7de7d22fc2eac2adc2e350b20c5ffe20/node_modules/next/dist/client/components/react-dev-overlay/pages/hot-reloader-client.js:221
[ 7749893ms] [LOG] [Fast Refresh] rebuilding @ webpack-internal:///./node_modules/.pnpm/next@14.2.35_@babel+core@7._7de7d22fc2eac2adc2e350b20c5ffe20/node_modules/next/dist/client/components/react-dev-overlay/pages/hot-reloader-client.js:221
[ 7755123ms] [LOG] [Fast Refresh] rebuilding @ webpack-internal:///./node_modules/.pnpm/next@14.2.35_@babel+core@7._7de7d22fc2eac2adc2e350b20c5ffe20/node_modules/next/dist/client/components/react-dev-overlay/pages/hot-reloader-client.js:221
[ 7759391ms] [LOG] Refreshing page data due to server-side change @ webpack-internal:///./node_modules/.pnpm/next@14.2.35_@babel+core@7._7de7d22fc2eac2adc2e350b20c5ffe20/node_modules/next/dist/client/page-bootstrap.js:100
[ 7786424ms] [LOG] [Fast Refresh] rebuilding @ webpack-internal:///./node_modules/.pnpm/next@14.2.35_@babel+core@7._7de7d22fc2eac2adc2e350b20c5ffe20/node_modules/next/dist/client/components/react-dev-overlay/pages/hot-reloader-client.js:221
[ 7787266ms] [LOG] [Fast Refresh] rebuilding @ webpack-internal:///./node_modules/.pnpm/next@14.2.35_@babel+core@7._7de7d22fc2eac2adc2e350b20c5ffe20/node_modules/next/dist/client/components/react-dev-overlay/pages/hot-reloader-client.js:221
[ 7787277ms] [LOG] [Fast Refresh] done in 11ms @ webpack-internal:///./node_modules/.pnpm/next@14.2.35_@babel+core@7._7de7d22fc2eac2adc2e350b20c5ffe20/node_modules/next/dist/client/components/react-dev-overlay/pages/hot-reloader-client.js:190
[ 7939080ms] [LOG] [Fast Refresh] rebuilding @ webpack-internal:///./node_modules/.pnpm/next@14.2.35_@babel+core@7._7de7d22fc2eac2adc2e350b20c5ffe20/node_modules/next/dist/client/components/react-dev-overlay/pages/hot-reloader-client.js:221
[ 7940238ms] [LOG] [Fast Refresh] rebuilding @ webpack-internal:///./node_modules/.pnpm/next@14.2.35_@babel+core@7._7de7d22fc2eac2adc2e350b20c5ffe20/node_modules/next/dist/client/components/react-dev-overlay/pages/hot-reloader-client.js:221
[ 7940248ms] [LOG] [Fast Refresh] done in 10ms @ webpack-internal:///./node_modules/.pnpm/next@14.2.35_@babel+core@7._7de7d22fc2eac2adc2e350b20c5ffe20/node_modules/next/dist/client/components/react-dev-overlay/pages/hot-reloader-client.js:190
[ 7942125ms] [LOG] Refreshing page data due to server-side change @ webpack-internal:///./node_modules/.pnpm/next@14.2.35_@babel+core@7._7de7d22fc2eac2adc2e350b20c5ffe20/node_modules/next/dist/client/page-bootstrap.js:100
[ 7948507ms] [LOG] [Fast Refresh] rebuilding @ webpack-internal:///./node_modules/.pnpm/next@14.2.35_@babel+core@7._7de7d22fc2eac2adc2e350b20c5ffe20/node_modules/next/dist/client/components/react-dev-overlay/pages/hot-reloader-client.js:221
[ 7952848ms] [LOG] [Fast Refresh] rebuilding @ webpack-internal:///./node_modules/.pnpm/next@14.2.35_@babel+core@7._7de7d22fc2eac2adc2e350b20c5ffe20/node_modules/next/dist/client/components/react-dev-overlay/pages/hot-reloader-client.js:221
[ 7954233ms] [LOG] [Fast Refresh] rebuilding @ webpack-internal:///./node_modules/.pnpm/next@14.2.35_@babel+core@7._7de7d22fc2eac2adc2e350b20c5ffe20/node_modules/next/dist/client/components/react-dev-overlay/pages/hot-reloader-client.js:221
[ 8146714ms] [LOG] [Fast Refresh] rebuilding @ webpack-internal:///./node_modules/.pnpm/next@14.2.35_@babel+core@7._7de7d22fc2eac2adc2e350b20c5ffe20/node_modules/next/dist/client/components/react-dev-overlay/pages/hot-reloader-client.js:221
[ 8166387ms] [LOG] [Fast Refresh] done in 19673ms @ webpack-internal:///./node_modules/.pnpm/next@14.2.35_@babel+core@7._7de7d22fc2eac2adc2e350b20c5ffe20/node_modules/next/dist/client/components/react-dev-overlay/pages/hot-reloader-client.js:190
[ 8170303ms] [LOG] Refreshing page data due to server-side change @ webpack-internal:///./node_modules/.pnpm/next@14.2.35_@babel+core@7._7de7d22fc2eac2adc2e350b20c5ffe20/node_modules/next/dist/client/page-bootstrap.js:100
[ 8345337ms] [LOG] [Fast Refresh] rebuilding @ webpack-internal:///./node_modules/.pnpm/next@14.2.35_@babel+core@7._7de7d22fc2eac2adc2e350b20c5ffe20/node_modules/next/dist/client/components/react-dev-overlay/pages/hot-reloader-client.js:221
[ 8350759ms] [LOG] [Fast Refresh] rebuilding @ webpack-internal:///./node_modules/.pnpm/next@14.2.35_@babel+core@7._7de7d22fc2eac2adc2e350b20c5ffe20/node_modules/next/dist/client/components/react-dev-overlay/pages/hot-reloader-client.js:221
[ 8351127ms] [LOG] [Fast Refresh] done in 368ms @ webpack-internal:///./node_modules/.pnpm/next@14.2.35_@babel+core@7._7de7d22fc2eac2adc2e350b20c5ffe20/node_modules/next/dist/client/components/react-dev-overlay/pages/hot-reloader-client.js:190
[ 8539076ms] [LOG] [Fast Refresh] rebuilding @ webpack-internal:///./node_modules/.pnpm/next@14.2.35_@babel+core@7._7de7d22fc2eac2adc2e350b20c5ffe20/node_modules/next/dist/client/components/react-dev-overlay/pages/hot-reloader-client.js:221
[ 8543396ms] [LOG] [Fast Refresh] rebuilding @ webpack-internal:///./node_modules/.pnpm/next@14.2.35_@babel+core@7._7de7d22fc2eac2adc2e350b20c5ffe20/node_modules/next/dist/client/components/react-dev-overlay/pages/hot-reloader-client.js:221
[ 8543528ms] [LOG] [Fast Refresh] done in 132ms @ webpack-internal:///./node_modules/.pnpm/next@14.2.35_@babel+core@7._7de7d22fc2eac2adc2e350b20c5ffe20/node_modules/next/dist/client/components/react-dev-overlay/pages/hot-reloader-client.js:190
[ 8660192ms] [LOG] [Fast Refresh] rebuilding @ webpack-internal:///./node_modules/.pnpm/next@14.2.35_@babel+core@7._7de7d22fc2eac2adc2e350b20c5ffe20/node_modules/next/dist/client/components/react-dev-overlay/pages/hot-reloader-client.js:221
[ 8663851ms] [LOG] [Fast Refresh] rebuilding @ webpack-internal:///./node_modules/.pnpm/next@14.2.35_@babel+core@7._7de7d22fc2eac2adc2e350b20c5ffe20/node_modules/next/dist/client/components/react-dev-overlay/pages/hot-reloader-client.js:221
[ 8666389ms] [LOG] [Fast Refresh] done in 2537ms @ webpack-internal:///./node_modules/.pnpm/next@14.2.35_@babel+core@7._7de7d22fc2eac2adc2e350b20c5ffe20/node_modules/next/dist/client/components/react-dev-overlay/pages/hot-reloader-client.js:190
[ 8668314ms] [LOG] Refreshing page data due to server-side change @ webpack-internal:///./node_modules/.pnpm/next@14.2.35_@babel+core@7._7de7d22fc2eac2adc2e350b20c5ffe20/node_modules/next/dist/client/page-bootstrap.js:100
[ 8692255ms] [LOG] [Fast Refresh] rebuilding @ webpack-internal:///./node_modules/.pnpm/next@14.2.35_@babel+core@7._7de7d22fc2eac2adc2e350b20c5ffe20/node_modules/next/dist/client/components/react-dev-overlay/pages/hot-reloader-client.js:221
[ 8730257ms] [LOG] [Fast Refresh] rebuilding @ webpack-internal:///./node_modules/.pnpm/next@14.2.35_@babel+core@7._7de7d22fc2eac2adc2e350b20c5ffe20/node_modules/next/dist/client/components/react-dev-overlay/pages/hot-reloader-client.js:221
[ 8734461ms] [LOG] [Fast Refresh] rebuilding @ webpack-internal:///./node_modules/.pnpm/next@14.2.35_@babel+core@7._7de7d22fc2eac2adc2e350b20c5ffe20/node_modules/next/dist/client/components/react-dev-overlay/pages/hot-reloader-client.js:221
[ 8894451ms] [LOG] [Fast Refresh] rebuilding @ webpack-internal:///./node_modules/.pnpm/next@14.2.35_@babel+core@7._7de7d22fc2eac2adc2e350b20c5ffe20/node_modules/next/dist/client/components/react-dev-overlay/pages/hot-reloader-client.js:221
[ 8909671ms] [LOG] [Fast Refresh] rebuilding @ webpack-internal:///./node_modules/.pnpm/next@14.2.35_@babel+core@7._7de7d22fc2eac2adc2e350b20c5ffe20/node_modules/next/dist/client/components/react-dev-overlay/pages/hot-reloader-client.js:221
[ 8910393ms] [LOG] [Fast Refresh] done in 722ms @ webpack-internal:///./node_modules/.pnpm/next@14.2.35_@babel+core@7._7de7d22fc2eac2adc2e350b20c5ffe20/node_modules/next/dist/client/components/react-dev-overlay/pages/hot-reloader-client.js:190
[ 8986059ms] [LOG] [Fast Refresh] rebuilding @ webpack-internal:///./node_modules/.pnpm/next@14.2.35_@babel+core@7._7de7d22fc2eac2adc2e350b20c5ffe20/node_modules/next/dist/client/components/react-dev-overlay/pages/hot-reloader-client.js:221
[ 8999667ms] [LOG] [Fast Refresh] rebuilding @ webpack-internal:///./node_modules/.pnpm/next@14.2.35_@babel+core@7._7de7d22fc2eac2adc2e350b20c5ffe20/node_modules/next/dist/client/components/react-dev-overlay/pages/hot-reloader-client.js:221
[ 8999781ms] [LOG] [Fast Refresh] done in 115ms @ webpack-internal:///./node_modules/.pnpm/next@14.2.35_@babel+core@7._7de7d22fc2eac2adc2e350b20c5ffe20/node_modules/next/dist/client/components/react-dev-overlay/pages/hot-reloader-client.js:190
[ 9161769ms] [LOG] [Fast Refresh] rebuilding @ webpack-internal:///./node_modules/.pnpm/next@14.2.35_@babel+core@7._7de7d22fc2eac2adc2e350b20c5ffe20/node_modules/next/dist/client/components/react-dev-overlay/pages/hot-reloader-client.js:221
[ 9165215ms] [LOG] [Fast Refresh] rebuilding @ webpack-internal:///./node_modules/.pnpm/next@14.2.35_@babel+core@7._7de7d22fc2eac2adc2e350b20c5ffe20/node_modules/next/dist/client/components/react-dev-overlay/pages/hot-reloader-client.js:221
[ 9165396ms] [LOG] [Fast Refresh] done in 181ms @ webpack-internal:///./node_modules/.pnpm/next@14.2.35_@babel+core@7._7de7d22fc2eac2adc2e350b20c5ffe20/node_modules/next/dist/client/components/react-dev-overlay/pages/hot-reloader-client.js:190
[ 9287212ms] [LOG] [Fast Refresh] rebuilding @ webpack-internal:///./node_modules/.pnpm/next@14.2.35_@babel+core@7._7de7d22fc2eac2adc2e350b20c5ffe20/node_modules/next/dist/client/components/react-dev-overlay/pages/hot-reloader-client.js:221
[ 9290676ms] [LOG] [Fast Refresh] rebuilding @ webpack-internal:///./node_modules/.pnpm/next@14.2.35_@babel+core@7._7de7d22fc2eac2adc2e350b20c5ffe20/node_modules/next/dist/client/components/react-dev-overlay/pages/hot-reloader-client.js:221
[ 9290723ms] [LOG] [Fast Refresh] done in 48ms @ webpack-internal:///./node_modules/.pnpm/next@14.2.35_@babel+core@7._7de7d22fc2eac2adc2e350b20c5ffe20/node_modules/next/dist/client/components/react-dev-overlay/pages/hot-reloader-client.js:190
[ 9302803ms] [LOG] [Fast Refresh] rebuilding @ webpack-internal:///./node_modules/.pnpm/next@14.2.35_@babel+core@7._7de7d22fc2eac2adc2e350b20c5ffe20/node_modules/next/dist/client/components/react-dev-overlay/pages/hot-reloader-client.js:221
[ 9376725ms] [LOG] [Fast Refresh] rebuilding @ webpack-internal:///./node_modules/.pnpm/next@14.2.35_@babel+core@7._7de7d22fc2eac2adc2e350b20c5ffe20/node_modules/next/dist/client/components/react-dev-overlay/pages/hot-reloader-client.js:221
[ 9380049ms] [LOG] [Fast Refresh] done in 3324ms @ webpack-internal:///./node_modules/.pnpm/next@14.2.35_@babel+core@7._7de7d22fc2eac2adc2e350b20c5ffe20/node_modules/next/dist/client/components/react-dev-overlay/pages/hot-reloader-client.js:190
[ 9381610ms] [LOG] [Fast Refresh] rebuilding @ webpack-internal:///./node_modules/.pnpm/next@14.2.35_@babel+core@7._7de7d22fc2eac2adc2e350b20c5ffe20/node_modules/next/dist/client/components/react-dev-overlay/pages/hot-reloader-client.js:221
[ 9500435ms] [LOG] [Fast Refresh] rebuilding @ webpack-internal:///./node_modules/.pnpm/next@14.2.35_@babel+core@7._7de7d22fc2eac2adc2e350b20c5ffe20/node_modules/next/dist/client/components/react-dev-overlay/pages/hot-reloader-client.js:221
[ 9504493ms] [LOG] [Fast Refresh] rebuilding @ webpack-internal:///./node_modules/.pnpm/next@14.2.35_@babel+core@7._7de7d22fc2eac2adc2e350b20c5ffe20/node_modules/next/dist/client/components/react-dev-overlay/pages/hot-reloader-client.js:221
[ 9504735ms] [LOG] [Fast Refresh] done in 243ms @ webpack-internal:///./node_modules/.pnpm/next@14.2.35_@babel+core@7._7de7d22fc2eac2adc2e350b20c5ffe20/node_modules/next/dist/client/components/react-dev-overlay/pages/hot-reloader-client.js:190
[ 9515229ms] [LOG] [Fast Refresh] rebuilding @ webpack-internal:///./node_modules/.pnpm/next@14.2.35_@babel+core@7._7de7d22fc2eac2adc2e350b20c5ffe20/node_modules/next/dist/client/components/react-dev-overlay/pages/hot-reloader-client.js:221
[ 9533302ms] [LOG] [Fast Refresh] rebuilding @ webpack-internal:///./node_modules/.pnpm/next@14.2.35_@babel+core@7._7de7d22fc2eac2adc2e350b20c5ffe20/node_modules/next/dist/client/components/react-dev-overlay/pages/hot-reloader-client.js:221
[ 9535294ms] [LOG] [Fast Refresh] rebuilding @ webpack-internal:///./node_modules/.pnpm/next@14.2.35_@babel+core@7._7de7d22fc2eac2adc2e350b20c5ffe20/node_modules/next/dist/client/components/react-dev-overlay/pages/hot-reloader-client.js:221
[ 9535321ms] [LOG] [Fast Refresh] done in 27ms @ webpack-internal:///./node_modules/.pnpm/next@14.2.35_@babel+core@7._7de7d22fc2eac2adc2e350b20c5ffe20/node_modules/next/dist/client/components/react-dev-overlay/pages/hot-reloader-client.js:190
[ 9678410ms] [LOG] [Fast Refresh] rebuilding @ webpack-internal:///./node_modules/.pnpm/next@14.2.35_@babel+core@7._7de7d22fc2eac2adc2e350b20c5ffe20/node_modules/next/dist/client/components/react-dev-overlay/pages/hot-reloader-client.js:221
[ 9681799ms] [LOG] [Fast Refresh] rebuilding @ webpack-internal:///./node_modules/.pnpm/next@14.2.35_@babel+core@7._7de7d22fc2eac2adc2e350b20c5ffe20/node_modules/next/dist/client/components/react-dev-overlay/pages/hot-reloader-client.js:221
[ 9681815ms] [LOG] [Fast Refresh] done in 16ms @ webpack-internal:///./node_modules/.pnpm/next@14.2.35_@babel+core@7._7de7d22fc2eac2adc2e350b20c5ffe20/node_modules/next/dist/client/components/react-dev-overlay/pages/hot-reloader-client.js:190
[ 9686173ms] [LOG] [Fast Refresh] rebuilding @ webpack-internal:///./node_modules/.pnpm/next@14.2.35_@babel+core@7._7de7d22fc2eac2adc2e350b20c5ffe20/node_modules/next/dist/client/components/react-dev-overlay/pages/hot-reloader-client.js:221
[10217307ms] [LOG] [Fast Refresh] rebuilding @ webpack-internal:///./node_modules/.pnpm/next@14.2.35_@babel+core@7._7de7d22fc2eac2adc2e350b20c5ffe20/node_modules/next/dist/client/components/react-dev-overlay/pages/hot-reloader-client.js:221
[10223674ms] [LOG] [Fast Refresh] rebuilding @ webpack-internal:///./node_modules/.pnpm/next@14.2.35_@babel+core@7._7de7d22fc2eac2adc2e350b20c5ffe20/node_modules/next/dist/client/components/react-dev-overlay/pages/hot-reloader-client.js:221
[10223772ms] [LOG] [Fast Refresh] done in 97ms @ webpack-internal:///./node_modules/.pnpm/next@14.2.35_@babel+core@7._7de7d22fc2eac2adc2e350b20c5ffe20/node_modules/next/dist/client/components/react-dev-overlay/pages/hot-reloader-client.js:190
[10226241ms] [LOG] [Fast Refresh] rebuilding @ webpack-internal:///./node_modules/.pnpm/next@14.2.35_@babel+core@7._7de7d22fc2eac2adc2e350b20c5ffe20/node_modules/next/dist/client/components/react-dev-overlay/pages/hot-reloader-client.js:221
[10357161ms] [LOG] [Fast Refresh] rebuilding @ webpack-internal:///./node_modules/.pnpm/next@14.2.35_@babel+core@7._7de7d22fc2eac2adc2e350b20c5ffe20/node_modules/next/dist/client/components/react-dev-overlay/pages/hot-reloader-client.js:221
[10360651ms] [LOG] [Fast Refresh] rebuilding @ webpack-internal:///./node_modules/.pnpm/next@14.2.35_@babel+core@7._7de7d22fc2eac2adc2e350b20c5ffe20/node_modules/next/dist/client/components/react-dev-overlay/pages/hot-reloader-client.js:221
[10362434ms] [LOG] [Fast Refresh] done in 1784ms @ webpack-internal:///./node_modules/.pnpm/next@14.2.35_@babel+core@7._7de7d22fc2eac2adc2e350b20c5ffe20/node_modules/next/dist/client/components/react-dev-overlay/pages/hot-reloader-client.js:190
[10366620ms] [LOG] [Fast Refresh] rebuilding @ webpack-internal:///./node_modules/.pnpm/next@14.2.35_@babel+core@7._7de7d22fc2eac2adc2e350b20c5ffe20/node_modules/next/dist/client/components/react-dev-overlay/pages/hot-reloader-client.js:221
[10427128ms] [LOG] [Fast Refresh] rebuilding @ webpack-internal:///./node_modules/.pnpm/next@14.2.35_@babel+core@7._7de7d22fc2eac2adc2e350b20c5ffe20/node_modules/next/dist/client/components/react-dev-overlay/pages/hot-reloader-client.js:221
[11553479ms] [LOG] [Fast Refresh] rebuilding @ webpack-internal:///./node_modules/.pnpm/next@14.2.35_@babel+core@7._7de7d22fc2eac2adc2e350b20c5ffe20/node_modules/next/dist/client/components/react-dev-overlay/pages/hot-reloader-client.js:221
[11562182ms] [LOG] [Fast Refresh] rebuilding @ webpack-internal:///./node_modules/.pnpm/next@14.2.35_@babel+core@7._7de7d22fc2eac2adc2e350b20c5ffe20/node_modules/next/dist/client/components/react-dev-overlay/pages/hot-reloader-client.js:221
[11562417ms] [LOG] [Fast Refresh] done in 236ms @ webpack-internal:///./node_modules/.pnpm/next@14.2.35_@babel+core@7._7de7d22fc2eac2adc2e350b20c5ffe20/node_modules/next/dist/client/components/react-dev-overlay/pages/hot-reloader-client.js:190
[11568041ms] [LOG] [Fast Refresh] rebuilding @ webpack-internal:///./node_modules/.pnpm/next@14.2.35_@babel+core@7._7de7d22fc2eac2adc2e350b20c5ffe20/node_modules/next/dist/client/components/react-dev-overlay/pages/hot-reloader-client.js:221
[11568125ms] [LOG] [Fast Refresh] rebuilding @ webpack-internal:///./node_modules/.pnpm/next@14.2.35_@babel+core@7._7de7d22fc2eac2adc2e350b20c5ffe20/node_modules/next/dist/client/components/react-dev-overlay/pages/hot-reloader-client.js:221
[11573567ms] [LOG] [Fast Refresh] rebuilding @ webpack-internal:///./node_modules/.pnpm/next@14.2.35_@babel+core@7._7de7d22fc2eac2adc2e350b20c5ffe20/node_modules/next/dist/client/components/react-dev-overlay/pages/hot-reloader-client.js:221
[11577925ms] [LOG] [Fast Refresh] rebuilding @ webpack-internal:///./node_modules/.pnpm/next@14.2.35_@babel+core@7._7de7d22fc2eac2adc2e350b20c5ffe20/node_modules/next/dist/client/components/react-dev-overlay/pages/hot-reloader-client.js:221
[11583866ms] [LOG] [Fast Refresh] rebuilding @ webpack-internal:///./node_modules/.pnpm/next@14.2.35_@babel+core@7._7de7d22fc2eac2adc2e350b20c5ffe20/node_modules/next/dist/client/components/react-dev-overlay/pages/hot-reloader-client.js:221
[11584028ms] [LOG] [Fast Refresh] done in 162ms @ webpack-internal:///./node_modules/.pnpm/next@14.2.35_@babel+core@7._7de7d22fc2eac2adc2e350b20c5ffe20/node_modules/next/dist/client/components/react-dev-overlay/pages/hot-reloader-client.js:190
[11585143ms] [LOG] [Fast Refresh] rebuilding @ webpack-internal:///./node_modules/.pnpm/next@14.2.35_@babel+core@7._7de7d22fc2eac2adc2e350b20c5ffe20/node_modules/next/dist/client/components/react-dev-overlay/pages/hot-reloader-client.js:221
[11590587ms] [LOG] [Fast Refresh] rebuilding @ webpack-internal:///./node_modules/.pnpm/next@14.2.35_@babel+core@7._7de7d22fc2eac2adc2e350b20c5ffe20/node_modules/next/dist/client/components/react-dev-overlay/pages/hot-reloader-client.js:221
[11623253ms] [LOG] [Fast Refresh] rebuilding @ webpack-internal:///./node_modules/.pnpm/next@14.2.35_@babel+core@7._7de7d22fc2eac2adc2e350b20c5ffe20/node_modules/next/dist/client/components/react-dev-overlay/pages/hot-reloader-client.js:221
[11627132ms] [LOG] [Fast Refresh] rebuilding @ webpack-internal:///./node_modules/.pnpm/next@14.2.35_@babel+core@7._7de7d22fc2eac2adc2e350b20c5ffe20/node_modules/next/dist/client/components/react-dev-overlay/pages/hot-reloader-client.js:221
[11634342ms] [LOG] [Fast Refresh] rebuilding @ webpack-internal:///./node_modules/.pnpm/next@14.2.35_@babel+core@7._7de7d22fc2eac2adc2e350b20c5ffe20/node_modules/next/dist/client/components/react-dev-overlay/pages/hot-reloader-client.js:221
[11636011ms] [LOG] [Fast Refresh] rebuilding @ webpack-internal:///./node_modules/.pnpm/next@14.2.35_@babel+core@7._7de7d22fc2eac2adc2e350b20c5ffe20/node_modules/next/dist/client/components/react-dev-overlay/pages/hot-reloader-client.js:221
[11641612ms] [LOG] [Fast Refresh] rebuilding @ webpack-internal:///./node_modules/.pnpm/next@14.2.35_@babel+core@7._7de7d22fc2eac2adc2e350b20c5ffe20/node_modules/next/dist/client/components/react-dev-overlay/pages/hot-reloader-client.js:221
[11643700ms] [LOG] [Fast Refresh] rebuilding @ webpack-internal:///./node_modules/.pnpm/next@14.2.35_@babel+core@7._7de7d22fc2eac2adc2e350b20c5ffe20/node_modules/next/dist/client/components/react-dev-overlay/pages/hot-reloader-client.js:221
[23796932ms] [ERROR] WebSocket connection to 'ws://localhost:3000/_next/webpack-hmr' failed: Error in connection establishment: net::ERR_CONNECTION_REFUSED @ webpack-internal:///./node_modules/.pnpm/next@14.2.35_@babel+core@7._7de7d22fc2eac2adc2e350b20c5ffe20/node_modules/next/dist/client/components/react-dev-overlay/pages/websocket.js:63
[23800394ms] [ERROR] WebSocket connection to 'ws://localhost:3000/_next/webpack-hmr' failed: Error in connection establishment: net::ERR_CONNECTION_REFUSED @ webpack-internal:///./node_modules/.pnpm/next@14.2.35_@babel+core@7._7de7d22fc2eac2adc2e350b20c5ffe20/node_modules/next/dist/client/components/react-dev-overlay/pages/websocket.js:63
[23803760ms] [ERROR] WebSocket connection to 'ws://localhost:3000/_next/webpack-hmr' failed: Error in connection establishment: net::ERR_CONNECTION_REFUSED @ webpack-internal:///./node_modules/.pnpm/next@14.2.35_@babel+core@7._7de7d22fc2eac2adc2e350b20c5ffe20/node_modules/next/dist/client/components/react-dev-overlay/pages/websocket.js:63
[23807109ms] [ERROR] WebSocket connection to 'ws://localhost:3000/_next/webpack-hmr' failed: Error in connection establishment: net::ERR_CONNECTION_REFUSED @ webpack-internal:///./node_modules/.pnpm/next@14.2.35_@babel+core@7._7de7d22fc2eac2adc2e350b20c5ffe20/node_modules/next/dist/client/components/react-dev-overlay/pages/websocket.js:63
[23810525ms] [ERROR] WebSocket connection to 'ws://localhost:3000/_next/webpack-hmr' failed: Error in connection establishment: net::ERR_CONNECTION_REFUSED @ webpack-internal:///./node_modules/.pnpm/next@14.2.35_@babel+core@7._7de7d22fc2eac2adc2e350b20c5ffe20/node_modules/next/dist/client/components/react-dev-overlay/pages/websocket.js:63
[23817938ms] [ERROR] WebSocket connection to 'ws://localhost:3000/_next/webpack-hmr' failed: Error in connection establishment: net::ERR_CONNECTION_REFUSED @ webpack-internal:///./node_modules/.pnpm/next@14.2.35_@babel+core@7._7de7d22fc2eac2adc2e350b20c5ffe20/node_modules/next/dist/client/components/react-dev-overlay/pages/websocket.js:63
[23825311ms] [ERROR] WebSocket connection to 'ws://localhost:3000/_next/webpack-hmr' failed: Error in connection establishment: net::ERR_CONNECTION_REFUSED @ webpack-internal:///./node_modules/.pnpm/next@14.2.35_@babel+core@7._7de7d22fc2eac2adc2e350b20c5ffe20/node_modules/next/dist/client/components/react-dev-overlay/pages/websocket.js:63
